[ TextFragment "% this file tests the boolean type and operators\n"
, DefinitionFragment
    (AST
       []
       [ Declaration
           []
           "isPos"
           (Signature (Just (Type (Integer :| []))) (Type (Boolean :| [])))
           [ "x" ]
           (Unconditional (Binary Greater (Call "x" []) (ImmediateInt 0)))
           []
       , Declaration
           []
           "isNat"
           (Signature (Just (Type (Integer :| []))) (Type (Boolean :| [])))
           [ "x" ]
           (Unconditional (Binary GreaterEq (Call "x" []) (ImmediateInt 0)))
           []
       , Declaration
           []
           "isNeg"
           (Signature (Just (Type (Integer :| []))) (Type (Boolean :| [])))
           [ "x" ]
           (Unconditional (Binary Less (Call "x" []) (ImmediateInt 0)))
           []
       , Declaration
           []
           "nonNeg"
           (Signature (Just (Type (Integer :| []))) (Type (Boolean :| [])))
           [ "x" ]
           (Unconditional (Unary Not (Call "isNeg" [ Call "x" [] ])))
           []
       , Declaration
           []
           "nonZero"
           (Signature (Just (Type (Integer :| []))) (Type (Boolean :| [])))
           [ "x" ]
           (Unconditional (Binary Neq (Call "x" []) (ImmediateInt 0)))
           []
       , Declaration
           []
           "oneOrTwo"
           (Signature (Just (Type (Integer :| []))) (Type (Boolean :| [])))
           [ "x" ]
           (Unconditional
              (Binary
                 Or
                 (Binary Eq (Call "x" []) (ImmediateInt 1))
                 (Binary Eq (Call "x" []) (ImmediateInt 2))))
           []
       , Declaration
           []
           "neitherOneOrTwo"
           (Signature (Just (Type (Integer :| []))) (Type (Boolean :| [])))
           [ "x" ]
           (Unconditional
              (Binary
                 And
                 (Binary Neq (Call "x" []) (ImmediateInt 1))
                 (Unary Not (Binary Eq (Call "x" []) (ImmediateInt 2)))))
           []
       ])
]